// Jest Snapshot v1, https://goo.gl/fbAQLP

exports[`should render ExpenseListFilter correctly 1`] = `ShallowWrapper {}`;

exports[`should render ExpenseListFilter with alt data correctly 1`] = `ShallowWrapper {}`;
