// Jest Snapshot v1, https://goo.gl/fbAQLP

exports[`should test NotFoundPage 1`] = `
<div>
  404 Page not Found - 
  <Link
    to="/"
  >
     Go home 
  </Link>
</div>
`;
